Data set/Center wise/Center_104_Rank9.csv
id,week,center_id,meal_id,checkout_price,base_price,emailer_for_promotion,homepage_featured,num_orders,city_code,region_code,center_type,op_area,category,cuisine
1317222,1,104,1885,133.86,134.86,0,1,904.0,647,56,TYPE_A,4.5,Beverages,Thai
1107194,2,104,1885,134.86,133.86,0,1,1108.0,647,56,TYPE_A,4.5,Beverages,Thai
1234257,3,104,1885,135.86,134.86,0,1,985.0,647,56,TYPE_A,4.5,Beverages,Thai
1000579,4,104,1885,135.86,135.86,0,1,1026.0,647,56,TYPE_A,4.5,Beverages,Thai
1340459,5,104,1885,142.59,135.86,0,1,796.0,647,56,TYPE_A,4.5,Beverages,Thai
1390316,6,104,1885,145.53,135.86,0,1,851.0,647,56,TYPE_A,4.5,Beverages,Thai
1444874,7,104,1885,145.53,146.53,0,0,932.0,647,56,TYPE_A,4.5,Beverages,Thai
1265414,8,104,1885,143.56,145.53,0,1,973.0,647,56,TYPE_A,4.5,Beverages,Thai
1088341,9,104,1885,141.68,144.53,0,1,1066.0,647,56,TYPE_A,4.5,Beverages,Thai
1252913,10,104,1885,143.62,145.53,0,1,1188.0,647,56,TYPE_A,4.5,Beverages,Thai
1024321,11,104,1885,146.53,145.53,0,1,273.86570932617957,647,56,TYPE_A,4.5,Beverages,Thai
1185961,12,104,1885,144.59,145.53,0,1,273.86570932617957,647,56,TYPE_A,4.5,Beverages,Thai
1026833,13,104,1885,143.56,143.56,0,0,1094.0,647,56,TYPE_A,4.5,Beverages,Thai
1331015,14,104,1885,143.56,145.56,0,1,1094.0,647,56,TYPE_A,4.5,Beverages,Thai
1254719,15,104,1885,121.28,143.56,0,0,594.0,647,56,TYPE_A,4.5,Beverages,Thai
1363003,16,104,1885,121.28,145.56,0,0,769.0,647,56,TYPE_A,4.5,Beverages,Thai
1350674,17,104,1885,121.25,144.56,0,1,743.0,647,56,TYPE_A,4.5,Beverages,Thai
1406720,18,104,1885,119.31,145.56,0,1,863.0,647,56,TYPE_A,4.5,Beverages,Thai
1239514,19,104,1885,122.28,143.56,0,1,879.0,647,56,TYPE_A,4.5,Beverages,Thai
1188141,20,104,1885,120.28,144.56,0,1,971.0,647,56,TYPE_A,4.5,Beverages,Thai
1071334,21,104,1885,121.28,143.56,0,1,1053.0,647,56,TYPE_A,4.5,Beverages,Thai
1475010,22,104,1885,122.28,144.56,0,1,1108.0,647,56,TYPE_A,4.5,Beverages,Thai
1097665,23,104,1885,120.28,145.56,0,1,958.0,647,56,TYPE_A,4.5,Beverages,Thai
1050432,24,104,1885,121.28,144.56,0,1,944.0,647,56,TYPE_A,4.5,Beverages,Thai
1080547,25,104,1885,122.25,144.56,0,1,688.0,647,56,TYPE_A,4.5,Beverages,Thai
1298233,26,104,1885,121.31,143.56,0,0,1122.0,647,56,TYPE_A,4.5,Beverages,Thai
1430725,27,104,1885,121.28,144.56,0,0,273.86570932617957,647,56,TYPE_A,4.5,Beverages,Thai
1451080,28,104,1885,122.28,143.56,0,1,851.0,647,56,TYPE_A,4.5,Beverages,Thai
1166511,29,104,1885,120.28,144.56,0,1,273.86570932617957,647,56,TYPE_A,4.5,Beverages,Thai
1304492,30,104,1885,121.25,143.56,0,1,1066.0,647,56,TYPE_A,4.5,Beverages,Thai
1171384,31,104,1885,121.31,144.56,0,1,1162.0,647,56,TYPE_A,4.5,Beverages,Thai
1313204,32,104,1885,120.31,145.56,0,0,1041.0,647,56,TYPE_A,4.5,Beverages,Thai
1343019,33,104,1885,121.28,144.56,0,0,1147.0,647,56,TYPE_A,4.5,Beverages,Thai
1160810,34,104,1885,120.31,121.31,0,0,811.0,647,56,TYPE_A,4.5,Beverages,Thai
1228958,35,104,1885,120.31,119.31,0,1,971.0,647,56,TYPE_A,4.5,Beverages,Thai
1395651,36,104,1885,123.25,123.25,0,0,998.0,647,56,TYPE_A,4.5,Beverages,Thai
1364145,37,104,1885,122.28,121.25,0,1,1161.0,647,56,TYPE_A,4.5,Beverages,Thai
1014209,38,104,1885,117.37,122.25,0,1,944.0,647,56,TYPE_A,4.5,Beverages,Thai
1433051,39,104,1885,140.71,121.25,0,1,1108.0,647,56,TYPE_A,4.5,Beverages,Thai
1300719,40,104,1885,142.65,140.65,0,0,1188.0,647,56,TYPE_A,4.5,Beverages,Thai
1321262,41,104,1885,142.65,141.65,0,1,999.0,647,56,TYPE_A,4.5,Beverages,Thai
1445679,42,104,1885,141.62,142.65,0,1,1052.0,647,56,TYPE_A,4.5,Beverages,Thai
1010922,43,104,1885,144.59,142.65,0,1,892.0,647,56,TYPE_A,4.5,Beverages,Thai
1309739,44,104,1885,144.59,141.65,0,1,1148.0,647,56,TYPE_A,4.5,Beverages,Thai
1445845,45,104,1885,142.59,140.65,0,1,273.86570932617957,647,56,TYPE_A,4.5,Beverages,Thai
1422980,46,104,1885,144.56,141.65,0,1,273.86570932617957,647,56,TYPE_A,4.5,Beverages,Thai
1337932,47,104,1885,143.59,141.65,0,1,273.86570932617957,647,56,TYPE_A,4.5,Beverages,Thai
1013586,48,104,1885,121.28,141.65,0,1,273.86570932617957,647,56,TYPE_A,4.5,Beverages,Thai
1154137,49,104,1885,121.28,141.65,0,1,273.86570932617957,647,56,TYPE_A,4.5,Beverages,Thai
1493305,50,104,1885,122.28,141.65,0,1,273.86570932617957,647,56,TYPE_A,4.5,Beverages,Thai
1016239,51,104,1885,122.28,142.65,0,0,273.86570932617957,647,56,TYPE_A,4.5,Beverages,Thai
1145641,52,104,1885,121.28,140.65,1,1,273.86570932617957,647,56,TYPE_A,4.5,Beverages,Thai
1267659,53,104,1885,120.28,140.65,1,1,273.86570932617957,647,56,TYPE_A,4.5,Beverages,Thai
1098264,54,104,1885,119.31,141.65,0,1,273.86570932617957,647,56,TYPE_A,4.5,Beverages,Thai
1001473,55,104,1885,120.28,140.65,0,1,273.86570932617957,647,56,TYPE_A,4.5,Beverages,Thai
1252354,56,104,1885,122.28,141.65,0,1,273.86570932617957,647,56,TYPE_A,4.5,Beverages,Thai
1390078,57,104,1885,144.56,142.65,0,1,273.86570932617957,647,56,TYPE_A,4.5,Beverages,Thai
1334902,58,104,1885,147.5,140.65,0,1,273.86570932617957,647,56,TYPE_A,4.5,Beverages,Thai
1335620,59,104,1885,145.53,142.65,0,1,1160.0,647,56,TYPE_A,4.5,Beverages,Thai
1092688,60,104,1885,144.56,141.65,0,1,273.86570932617957,647,56,TYPE_A,4.5,Beverages,Thai
1385590,61,104,1885,140.68,142.65,0,1,273.86570932617957,647,56,TYPE_A,4.5,Beverages,Thai
1275264,62,104,1885,142.62,141.62,0,0,553.0,647,56,TYPE_A,4.5,Beverages,Thai
1490876,63,104,1885,140.65,142.62,0,1,1176.0,647,56,TYPE_A,4.5,Beverages,Thai
1377524,64,104,1885,141.62,141.62,0,1,273.86570932617957,647,56,TYPE_A,4.5,Beverages,Thai
1248968,65,104,1885,143.59,142.62,0,1,273.86570932617957,647,56,TYPE_A,4.5,Beverages,Thai
1154190,66,104,1885,143.56,145.56,0,0,273.86570932617957,647,56,TYPE_A,4.5,Beverages,Thai
1178161,67,104,1885,144.53,145.56,0,1,273.86570932617957,647,56,TYPE_A,4.5,Beverages,Thai
1440587,68,104,1885,142.59,142.59,0,0,273.86570932617957,647,56,TYPE_A,4.5,Beverages,Thai
1436070,69,104,1885,143.59,144.59,0,0,273.86570932617957,647,56,TYPE_A,4.5,Beverages,Thai
1287533,70,104,1885,142.59,143.59,0,1,273.86570932617957,647,56,TYPE_A,4.5,Beverages,Thai
1135931,71,104,1885,143.56,144.56,0,0,273.86570932617957,647,56,TYPE_A,4.5,Beverages,Thai
1142349,72,104,1885,144.53,144.56,0,1,273.86570932617957,647,56,TYPE_A,4.5,Beverages,Thai
1227068,73,104,1885,145.53,143.56,0,1,273.86570932617957,647,56,TYPE_A,4.5,Beverages,Thai
1473873,74,104,1885,146.53,145.56,0,1,273.86570932617957,647,56,TYPE_A,4.5,Beverages,Thai
1438357,75,104,1885,144.53,143.56,0,1,273.86570932617957,647,56,TYPE_A,4.5,Beverages,Thai
1452700,76,104,1885,143.56,143.56,0,1,273.86570932617957,647,56,TYPE_A,4.5,Beverages,Thai
1227125,77,104,1885,145.53,144.56,0,1,273.86570932617957,647,56,TYPE_A,4.5,Beverages,Thai
1299910,78,104,1885,145.56,145.56,0,1,273.86570932617957,647,56,TYPE_A,4.5,Beverages,Thai
1096991,79,104,1885,144.53,145.56,0,1,273.86570932617957,647,56,TYPE_A,4.5,Beverages,Thai
1148851,80,104,1885,145.53,145.56,0,1,273.86570932617957,647,56,TYPE_A,4.5,Beverages,Thai
1202929,81,104,1885,144.56,144.56,0,1,273.86570932617957,647,56,TYPE_A,4.5,Beverages,Thai
1090488,82,104,1885,145.53,145.56,0,1,273.86570932617957,647,56,TYPE_A,4.5,Beverages,Thai
1300402,83,104,1885,144.56,145.56,0,1,273.86570932617957,647,56,TYPE_A,4.5,Beverages,Thai
1498506,84,104,1885,143.56,145.56,0,1,273.86570932617957,647,56,TYPE_A,4.5,Beverages,Thai
1301187,85,104,1885,140.65,145.56,0,1,273.86570932617957,647,56,TYPE_A,4.5,Beverages,Thai
1228465,86,104,1885,143.59,144.56,0,1,273.86570932617957,647,56,TYPE_A,4.5,Beverages,Thai
1430820,87,104,1885,140.65,144.56,0,1,273.86570932617957,647,56,TYPE_A,4.5,Beverages,Thai
1086625,88,104,1885,144.56,145.56,0,1,273.86570932617957,647,56,TYPE_A,4.5,Beverages,Thai
1369207,89,104,1885,142.59,143.56,0,1,273.86570932617957,647,56,TYPE_A,4.5,Beverages,Thai
1384518,90,104,1885,143.56,145.56,0,1,273.86570932617957,647,56,TYPE_A,4.5,Beverages,Thai
1234097,91,104,1885,135.86,144.56,0,1,273.86570932617957,647,56,TYPE_A,4.5,Beverages,Thai
1202522,92,104,1885,132.89,144.56,0,1,273.86570932617957,647,56,TYPE_A,4.5,Beverages,Thai
1161803,93,104,1885,133.89,143.56,0,1,273.86570932617957,647,56,TYPE_A,4.5,Beverages,Thai
1472476,94,104,1885,133.89,144.56,0,1,273.86570932617957,647,56,TYPE_A,4.5,Beverages,Thai
1410162,95,104,1885,134.89,144.56,0,1,273.86570932617957,647,56,TYPE_A,4.5,Beverages,Thai
1139517,96,104,1885,134.89,143.56,0,1,273.86570932617957,647,56,TYPE_A,4.5,Beverages,Thai
1422512,97,104,1885,134.89,145.56,0,1,273.86570932617957,647,56,TYPE_A,4.5,Beverages,Thai
1261790,98,104,1885,132.92,144.56,0,1,273.86570932617957,647,56,TYPE_A,4.5,Beverages,Thai
1319433,99,104,1885,150.41,145.56,0,1,273.86570932617957,647,56,TYPE_A,4.5,Beverages,Thai
1210397,100,104,1885,148.41,144.56,0,1,273.86570932617957,647,56,TYPE_A,4.5,Beverages,Thai
1498450,101,104,1885,148.44,143.56,0,1,273.86570932617957,647,56,TYPE_A,4.5,Beverages,Thai
1426028,102,104,1885,148.41,143.56,0,1,273.86570932617957,647,56,TYPE_A,4.5,Beverages,Thai
1433334,103,104,1885,148.41,145.56,0,1,273.86570932617957,647,56,TYPE_A,4.5,Beverages,Thai
1279535,104,104,1885,147.44,149.44,0,0,273.86570932617957,647,56,TYPE_A,4.5,Beverages,Thai
1396106,105,104,1885,149.41,149.44,0,1,273.86570932617957,647,56,TYPE_A,4.5,Beverages,Thai
1162011,106,104,1885,145.5,147.44,0,1,273.86570932617957,647,56,TYPE_A,4.5,Beverages,Thai
1025943,107,104,1885,148.47,148.44,0,1,273.86570932617957,647,56,TYPE_A,4.5,Beverages,Thai
1447123,108,104,1885,144.53,148.44,0,1,273.86570932617957,647,56,TYPE_A,4.5,Beverages,Thai
1097825,109,104,1885,146.47,149.44,0,1,273.86570932617957,647,56,TYPE_A,4.5,Beverages,Thai
1300519,110,104,1885,145.5,148.44,0,1,273.86570932617957,647,56,TYPE_A,4.5,Beverages,Thai
1261827,111,104,1885,148.47,148.44,0,1,273.86570932617957,647,56,TYPE_A,4.5,Beverages,Thai
1494782,112,104,1885,149.41,147.44,0,1,648.0,647,56,TYPE_A,4.5,Beverages,Thai
