Data set/Center wise/Center_104_Rank9.csv
id,week,center_id,meal_id,checkout_price,base_price,emailer_for_promotion,homepage_featured,num_orders,city_code,region_code,center_type,op_area,category,cuisine
1093025,1,104,1993,133.86,133.89,0,1,273.86570932617957,647,56,TYPE_A,4.5,Beverages,Thai
1337828,2,104,1993,135.86,134.89,0,1,1189.0,647,56,TYPE_A,4.5,Beverages,Thai
1115499,3,104,1993,134.86,134.89,0,1,932.0,647,56,TYPE_A,4.5,Beverages,Thai
1393661,4,104,1993,133.86,134.89,0,1,273.86570932617957,647,56,TYPE_A,4.5,Beverages,Thai
1183367,5,104,1993,145.53,134.89,0,1,1160.0,647,56,TYPE_A,4.5,Beverages,Thai
1451445,6,104,1993,144.53,133.89,0,1,273.86570932617957,647,56,TYPE_A,4.5,Beverages,Thai
1208236,7,104,1993,145.56,143.56,0,0,917.0,647,56,TYPE_A,4.5,Beverages,Thai
1433633,8,104,1993,144.53,145.56,0,1,273.86570932617957,647,56,TYPE_A,4.5,Beverages,Thai
1190050,9,104,1993,144.53,145.53,0,0,878.0,647,56,TYPE_A,4.5,Beverages,Thai
1353379,10,104,1993,144.53,144.53,0,1,1175.0,647,56,TYPE_A,4.5,Beverages,Thai
1048801,11,104,1993,143.62,141.62,0,0,273.86570932617957,647,56,TYPE_A,4.5,Beverages,Thai
1145730,12,104,1993,142.59,142.62,0,1,273.86570932617957,647,56,TYPE_A,4.5,Beverages,Thai
1440487,13,104,1993,146.5,143.62,0,1,273.86570932617957,647,56,TYPE_A,4.5,Beverages,Thai
1175909,14,104,1993,145.5,141.62,0,1,958.0,647,56,TYPE_A,4.5,Beverages,Thai
1351985,15,104,1993,121.25,143.62,0,1,904.0,647,56,TYPE_A,4.5,Beverages,Thai
1199550,16,104,1993,120.31,143.62,0,1,1107.0,647,56,TYPE_A,4.5,Beverages,Thai
1084797,17,104,1993,121.28,143.62,0,1,1162.0,647,56,TYPE_A,4.5,Beverages,Thai
1350173,18,104,1993,120.34,141.62,0,1,273.86570932617957,647,56,TYPE_A,4.5,Beverages,Thai
1412363,19,104,1993,118.34,143.62,0,1,918.0,647,56,TYPE_A,4.5,Beverages,Thai
1306254,20,104,1993,121.28,141.62,0,1,1014.0,647,56,TYPE_A,4.5,Beverages,Thai
1143010,21,104,1993,122.28,143.62,0,1,905.0,647,56,TYPE_A,4.5,Beverages,Thai
1267195,22,104,1993,122.28,141.62,0,1,273.86570932617957,647,56,TYPE_A,4.5,Beverages,Thai
1466110,23,104,1993,120.28,143.62,0,1,273.86570932617957,647,56,TYPE_A,4.5,Beverages,Thai
1256435,24,104,1993,122.28,143.62,0,1,1052.0,647,56,TYPE_A,4.5,Beverages,Thai
1241470,25,104,1993,120.28,142.62,0,1,676.0,647,56,TYPE_A,4.5,Beverages,Thai
1023898,26,104,1993,119.31,141.62,0,0,1120.0,647,56,TYPE_A,4.5,Beverages,Thai
1253792,27,104,1993,120.28,143.62,0,0,273.86570932617957,647,56,TYPE_A,4.5,Beverages,Thai
1007779,28,104,1993,120.28,143.62,0,1,1122.0,647,56,TYPE_A,4.5,Beverages,Thai
1303924,29,104,1993,121.25,142.62,0,1,1135.0,647,56,TYPE_A,4.5,Beverages,Thai
1117156,30,104,1993,121.28,143.62,0,0,527.0,647,56,TYPE_A,4.5,Beverages,Thai
1445329,31,104,1993,122.28,143.62,0,1,702.0,647,56,TYPE_A,4.5,Beverages,Thai
1371817,32,104,1993,121.28,142.62,0,0,273.86570932617957,647,56,TYPE_A,4.5,Beverages,Thai
1048985,33,104,1993,120.28,143.62,0,0,744.0,647,56,TYPE_A,4.5,Beverages,Thai
1263633,34,104,1993,120.28,142.62,0,0,851.0,647,56,TYPE_A,4.5,Beverages,Thai
1118133,35,104,1993,121.31,141.62,0,1,273.86570932617957,647,56,TYPE_A,4.5,Beverages,Thai
1164566,36,104,1993,122.28,121.28,0,0,782.0,647,56,TYPE_A,4.5,Beverages,Thai
1353066,37,104,1993,120.34,121.28,0,1,1067.0,647,56,TYPE_A,4.5,Beverages,Thai
1113309,38,104,1993,115.49,121.28,0,1,273.86570932617957,647,56,TYPE_A,4.5,Beverages,Thai
1451863,39,104,1993,140.65,121.28,0,1,273.86570932617957,647,56,TYPE_A,4.5,Beverages,Thai
1075842,40,104,1993,141.65,122.28,0,1,1081.0,647,56,TYPE_A,4.5,Beverages,Thai
1014929,41,104,1993,145.53,121.28,0,1,1081.0,647,56,TYPE_A,4.5,Beverages,Thai
1240877,42,104,1993,141.65,121.28,0,1,1134.0,647,56,TYPE_A,4.5,Beverages,Thai
1479731,43,104,1993,143.62,121.28,0,1,273.86570932617957,647,56,TYPE_A,4.5,Beverages,Thai
1295411,44,104,1993,144.56,122.28,0,1,1041.0,647,56,TYPE_A,4.5,Beverages,Thai
1441317,45,104,1993,141.62,121.28,0,1,273.86570932617957,647,56,TYPE_A,4.5,Beverages,Thai
1261261,46,104,1993,141.65,120.28,0,1,1068.0,647,56,TYPE_A,4.5,Beverages,Thai
1348813,47,104,1993,144.59,122.28,0,1,890.0,647,56,TYPE_A,4.5,Beverages,Thai
1433271,48,104,1993,120.31,120.28,0,1,273.86570932617957,647,56,TYPE_A,4.5,Beverages,Thai
1148525,49,104,1993,121.28,121.28,0,1,273.86570932617957,647,56,TYPE_A,4.5,Beverages,Thai
1374366,50,104,1993,121.28,121.28,0,1,273.86570932617957,647,56,TYPE_A,4.5,Beverages,Thai
1219493,51,104,1993,122.28,122.28,0,1,273.86570932617957,647,56,TYPE_A,4.5,Beverages,Thai
1148917,52,104,1993,121.28,120.28,1,1,273.86570932617957,647,56,TYPE_A,4.5,Beverages,Thai
1426682,53,104,1993,122.28,120.28,1,1,273.86570932617957,647,56,TYPE_A,4.5,Beverages,Thai
1031193,54,104,1993,119.31,120.28,0,1,273.86570932617957,647,56,TYPE_A,4.5,Beverages,Thai
1255868,55,104,1993,121.28,122.28,0,0,273.86570932617957,647,56,TYPE_A,4.5,Beverages,Thai
1081678,56,104,1993,120.28,122.28,0,1,273.86570932617957,647,56,TYPE_A,4.5,Beverages,Thai
1048442,57,104,1993,143.56,145.56,0,0,892.0,647,56,TYPE_A,4.5,Beverages,Thai
1104423,58,104,1993,145.53,145.56,0,1,1093.0,647,56,TYPE_A,4.5,Beverages,Thai
1117945,59,104,1993,145.53,144.56,0,1,838.0,647,56,TYPE_A,4.5,Beverages,Thai
1077951,60,104,1993,144.56,143.56,0,1,273.86570932617957,647,56,TYPE_A,4.5,Beverages,Thai
1260501,61,104,1993,141.65,142.65,0,0,1149.0,647,56,TYPE_A,4.5,Beverages,Thai
1355192,62,104,1993,141.62,140.65,0,1,447.0,647,56,TYPE_A,4.5,Beverages,Thai
1174348,63,104,1993,141.62,140.65,0,1,1027.0,647,56,TYPE_A,4.5,Beverages,Thai
1421669,64,104,1993,143.62,141.65,0,1,890.0,647,56,TYPE_A,4.5,Beverages,Thai
1409279,65,104,1993,143.59,141.65,0,1,273.86570932617957,647,56,TYPE_A,4.5,Beverages,Thai
1433668,66,104,1993,146.53,141.65,0,1,1121.0,647,56,TYPE_A,4.5,Beverages,Thai
1425986,67,104,1993,143.59,143.59,0,0,1175.0,647,56,TYPE_A,4.5,Beverages,Thai
1107575,68,104,1993,145.53,146.53,0,0,1025.0,647,56,TYPE_A,4.5,Beverages,Thai
1216760,69,104,1993,143.59,142.59,0,0,273.86570932617957,647,56,TYPE_A,4.5,Beverages,Thai
1463633,70,104,1993,142.62,144.59,0,1,273.86570932617957,647,56,TYPE_A,4.5,Beverages,Thai
1225945,71,104,1993,144.56,142.59,0,1,273.86570932617957,647,56,TYPE_A,4.5,Beverages,Thai
1178899,72,104,1993,145.53,144.59,0,1,1039.0,647,56,TYPE_A,4.5,Beverages,Thai
1240041,73,104,1993,146.53,142.59,0,1,273.86570932617957,647,56,TYPE_A,4.5,Beverages,Thai
1204138,74,104,1993,144.53,142.59,0,1,273.86570932617957,647,56,TYPE_A,4.5,Beverages,Thai
1137023,75,104,1993,144.53,144.59,0,1,959.0,647,56,TYPE_A,4.5,Beverages,Thai
1126687,76,104,1993,146.53,143.59,0,1,798.0,647,56,TYPE_A,4.5,Beverages,Thai
1005171,77,104,1993,145.53,144.59,0,1,987.0,647,56,TYPE_A,4.5,Beverages,Thai
1339652,78,104,1993,146.53,142.59,0,1,273.86570932617957,647,56,TYPE_A,4.5,Beverages,Thai
1403399,79,104,1993,144.53,144.59,0,1,273.86570932617957,647,56,TYPE_A,4.5,Beverages,Thai
1490105,80,104,1993,145.53,142.59,0,1,1174.0,647,56,TYPE_A,4.5,Beverages,Thai
1405550,81,104,1993,144.53,143.59,0,1,1176.0,647,56,TYPE_A,4.5,Beverages,Thai
1131180,82,104,1993,146.53,143.59,0,1,273.86570932617957,647,56,TYPE_A,4.5,Beverages,Thai
1141431,83,104,1993,147.5,143.59,0,1,273.86570932617957,647,56,TYPE_A,4.5,Beverages,Thai
1199958,84,104,1993,143.59,144.59,0,1,273.86570932617957,647,56,TYPE_A,4.5,Beverages,Thai
1213697,85,104,1993,140.68,143.59,0,1,273.86570932617957,647,56,TYPE_A,4.5,Beverages,Thai
1385556,86,104,1993,143.59,144.59,0,1,878.0,647,56,TYPE_A,4.5,Beverages,Thai
1480567,87,104,1993,142.62,144.59,0,1,273.86570932617957,647,56,TYPE_A,4.5,Beverages,Thai
1049028,88,104,1993,143.56,144.59,0,1,273.86570932617957,647,56,TYPE_A,4.5,Beverages,Thai
1107195,89,104,1993,143.56,143.59,0,1,1134.0,647,56,TYPE_A,4.5,Beverages,Thai
1280469,90,104,1993,143.62,144.59,0,1,1067.0,647,56,TYPE_A,4.5,Beverages,Thai
1241648,91,104,1993,132.89,142.59,0,1,273.86570932617957,647,56,TYPE_A,4.5,Beverages,Thai
1023311,92,104,1993,134.89,144.59,0,1,273.86570932617957,647,56,TYPE_A,4.5,Beverages,Thai
1173606,93,104,1993,131.92,144.59,0,1,273.86570932617957,647,56,TYPE_A,4.5,Beverages,Thai
1442149,94,104,1993,133.86,142.59,0,1,1120.0,647,56,TYPE_A,4.5,Beverages,Thai
1418445,95,104,1993,136.83,143.59,0,1,1135.0,647,56,TYPE_A,4.5,Beverages,Thai
1223257,96,104,1993,132.89,142.59,0,1,273.86570932617957,647,56,TYPE_A,4.5,Beverages,Thai
1032353,97,104,1993,134.86,144.59,0,1,273.86570932617957,647,56,TYPE_A,4.5,Beverages,Thai
1217384,98,104,1993,134.86,144.59,0,1,960.0,647,56,TYPE_A,4.5,Beverages,Thai
1317481,99,104,1993,150.38,144.59,0,1,273.86570932617957,647,56,TYPE_A,4.5,Beverages,Thai
1385339,100,104,1993,147.44,142.59,0,1,958.0,647,56,TYPE_A,4.5,Beverages,Thai
1236902,101,104,1993,144.53,142.59,0,1,273.86570932617957,647,56,TYPE_A,4.5,Beverages,Thai
1147356,102,104,1993,149.38,144.59,0,1,273.86570932617957,647,56,TYPE_A,4.5,Beverages,Thai
1218066,103,104,1993,150.38,142.59,0,1,1133.0,647,56,TYPE_A,4.5,Beverages,Thai
1006895,104,104,1993,151.38,142.59,0,1,1108.0,647,56,TYPE_A,4.5,Beverages,Thai
1211913,105,104,1993,147.47,142.59,0,1,273.86570932617957,647,56,TYPE_A,4.5,Beverages,Thai
1152842,106,104,1993,148.47,143.59,0,1,1148.0,647,56,TYPE_A,4.5,Beverages,Thai
1408916,107,104,1993,148.47,142.59,0,1,1041.0,647,56,TYPE_A,4.5,Beverages,Thai
1462906,108,104,1993,147.47,142.59,0,1,1149.0,647,56,TYPE_A,4.5,Beverages,Thai
1162311,109,104,1993,148.44,142.59,0,1,273.86570932617957,647,56,TYPE_A,4.5,Beverages,Thai
1199370,110,104,1993,145.5,143.59,0,1,273.86570932617957,647,56,TYPE_A,4.5,Beverages,Thai
1387622,111,104,1993,149.41,144.59,0,1,273.86570932617957,647,56,TYPE_A,4.5,Beverages,Thai
1106712,112,104,1993,149.41,143.59,0,1,527.0,647,56,TYPE_A,4.5,Beverages,Thai
