Data set/Center wise/Center_104_Rank9.csv
id,week,center_id,meal_id,checkout_price,base_price,emailer_for_promotion,homepage_featured,num_orders,city_code,region_code,center_type,op_area,category,cuisine
1068047,1,104,2707,190.12,192.12,0,0,1014.0,647,56,TYPE_A,4.5,Beverages,Italian
1360169,2,104,2707,196.0,195.0,0,0,971.0,647,56,TYPE_A,4.5,Beverages,Italian
1450170,3,104,2707,195.03,194.03,0,0,959.0,647,56,TYPE_A,4.5,Beverages,Italian
1422132,4,104,2707,193.09,193.09,0,0,273.86570932617957,647,56,TYPE_A,4.5,Beverages,Italian
1258080,5,104,2707,192.06,193.06,0,0,879.0,647,56,TYPE_A,4.5,Beverages,Italian
1398382,6,104,2707,223.13,222.13,0,0,581.0,647,56,TYPE_A,4.5,Beverages,Italian
1338884,7,104,2707,225.04,226.04,0,0,825.0,647,56,TYPE_A,4.5,Beverages,Italian
1250780,8,104,2707,228.98,228.98,0,0,757.0,647,56,TYPE_A,4.5,Beverages,Italian
1359904,9,104,2707,226.98,226.98,0,0,688.0,647,56,TYPE_A,4.5,Beverages,Italian
1181428,10,104,2707,226.04,226.04,0,0,594.0,647,56,TYPE_A,4.5,Beverages,Italian
1237468,11,104,2707,223.13,224.13,0,0,675.0,647,56,TYPE_A,4.5,Beverages,Italian
1371183,12,104,2707,191.12,222.13,0,0,987.0,647,56,TYPE_A,4.5,Beverages,Italian
1088568,13,104,2707,191.09,224.13,0,0,944.0,647,56,TYPE_A,4.5,Beverages,Italian
1083576,14,104,2707,194.06,223.13,0,0,958.0,647,56,TYPE_A,4.5,Beverages,Italian
1436015,15,104,2707,191.09,222.13,0,1,273.86570932617957,647,56,TYPE_A,4.5,Beverages,Italian
1455050,16,104,2707,194.06,223.13,0,1,273.86570932617957,647,56,TYPE_A,4.5,Beverages,Italian
1012174,17,104,2707,193.03,222.13,1,1,273.86570932617957,647,56,TYPE_A,4.5,Beverages,Italian
1228201,18,104,2707,190.12,224.13,0,1,716.0,647,56,TYPE_A,4.5,Beverages,Italian
1152518,19,104,2707,224.07,224.07,0,0,811.0,647,56,TYPE_A,4.5,Beverages,Italian
1284960,20,104,2707,229.95,228.95,0,0,688.0,647,56,TYPE_A,4.5,Beverages,Italian
1457825,21,104,2707,229.95,228.95,0,0,945.0,647,56,TYPE_A,4.5,Beverages,Italian
1301965,22,104,2707,228.92,230.92,0,0,971.0,647,56,TYPE_A,4.5,Beverages,Italian
1253053,23,104,2707,230.89,230.89,0,0,755.0,647,56,TYPE_A,4.5,Beverages,Italian
1238890,24,104,2707,193.06,230.89,0,1,273.86570932617957,647,56,TYPE_A,4.5,Beverages,Italian
1013769,25,104,2707,194.06,231.89,0,1,1066.0,647,56,TYPE_A,4.5,Beverages,Italian
1251876,26,104,2707,190.12,229.89,0,1,273.86570932617957,647,56,TYPE_A,4.5,Beverages,Italian
1015050,27,104,2707,193.09,230.89,0,1,273.86570932617957,647,56,TYPE_A,4.5,Beverages,Italian
1459696,28,104,2707,192.09,229.89,0,0,1160.0,647,56,TYPE_A,4.5,Beverages,Italian
1287607,29,104,2707,194.03,229.89,0,0,891.0,647,56,TYPE_A,4.5,Beverages,Italian
1208818,30,104,2707,230.89,230.89,0,0,676.0,647,56,TYPE_A,4.5,Beverages,Italian
1124256,31,104,2707,228.01,227.01,0,0,797.0,647,56,TYPE_A,4.5,Beverages,Italian
1297559,32,104,2707,223.1,224.1,0,0,945.0,647,56,TYPE_A,4.5,Beverages,Italian
1230404,33,104,2707,227.98,228.98,0,0,959.0,647,56,TYPE_A,4.5,Beverages,Italian
1049843,34,104,2707,226.98,227.98,0,0,824.0,647,56,TYPE_A,4.5,Beverages,Italian
1255194,35,104,2707,230.86,231.86,0,0,634.0,647,56,TYPE_A,4.5,Beverages,Italian
1427245,36,104,2707,229.95,227.95,0,0,703.0,647,56,TYPE_A,4.5,Beverages,Italian
1123329,37,104,2707,192.06,227.95,0,0,273.86570932617957,647,56,TYPE_A,4.5,Beverages,Italian
1036053,38,104,2707,193.06,227.95,0,0,273.86570932617957,647,56,TYPE_A,4.5,Beverages,Italian
1158847,39,104,2707,194.06,227.95,0,0,273.86570932617957,647,56,TYPE_A,4.5,Beverages,Italian
1430045,40,104,2707,193.03,228.95,0,0,273.86570932617957,647,56,TYPE_A,4.5,Beverages,Italian
1208618,41,104,2707,228.92,230.92,0,0,635.0,647,56,TYPE_A,4.5,Beverages,Italian
1103989,42,104,2707,231.86,231.86,0,0,1000.0,647,56,TYPE_A,4.5,Beverages,Italian
1400176,43,104,2707,229.89,231.89,0,0,878.0,647,56,TYPE_A,4.5,Beverages,Italian
1425047,44,104,2707,229.95,229.95,0,0,273.86570932617957,647,56,TYPE_A,4.5,Beverages,Italian
1264919,45,104,2707,223.13,224.13,0,0,771.0,647,56,TYPE_A,4.5,Beverages,Italian
1379757,46,104,2707,226.04,225.04,0,0,810.0,647,56,TYPE_A,4.5,Beverages,Italian
1051885,47,104,2707,226.07,225.07,0,0,635.0,647,56,TYPE_A,4.5,Beverages,Italian
1368360,48,104,2707,192.09,225.07,1,0,273.86570932617957,647,56,TYPE_A,4.5,Beverages,Italian
1346407,49,104,2707,188.18,225.07,0,0,1041.0,647,56,TYPE_A,4.5,Beverages,Italian
1172799,50,104,2707,190.12,225.07,0,0,851.0,647,56,TYPE_A,4.5,Beverages,Italian
1465155,51,104,2707,195.0,226.07,0,0,257.0,647,56,TYPE_A,4.5,Beverages,Italian
1318223,52,104,2707,193.06,224.07,0,0,864.0,647,56,TYPE_A,4.5,Beverages,Italian
1427637,53,104,2707,194.06,225.07,0,0,273.86570932617957,647,56,TYPE_A,4.5,Beverages,Italian
1450914,54,104,2707,193.06,225.07,0,0,458.0,647,56,TYPE_A,4.5,Beverages,Italian
1454138,55,104,2707,194.06,194.06,0,0,273.86570932617957,647,56,TYPE_A,4.5,Beverages,Italian
1226343,56,104,2707,230.89,231.89,0,0,852.0,647,56,TYPE_A,4.5,Beverages,Italian
1348570,57,104,2707,226.98,226.98,0,0,1079.0,647,56,TYPE_A,4.5,Beverages,Italian
1324710,58,104,2707,224.13,223.13,0,0,273.86570932617957,647,56,TYPE_A,4.5,Beverages,Italian
1187547,59,104,2707,222.16,223.16,0,0,999.0,647,56,TYPE_A,4.5,Beverages,Italian
1327106,60,104,2707,224.07,226.07,0,0,931.0,647,56,TYPE_A,4.5,Beverages,Italian
1046489,61,104,2707,224.07,225.07,0,0,877.0,647,56,TYPE_A,4.5,Beverages,Italian
1039422,62,104,2707,192.09,224.07,0,0,499.0,647,56,TYPE_A,4.5,Beverages,Italian
1213681,63,104,2707,191.12,224.07,0,0,273.86570932617957,647,56,TYPE_A,4.5,Beverages,Italian
1203412,64,104,2707,190.12,225.07,0,0,985.0,647,56,TYPE_A,4.5,Beverages,Italian
1255615,65,104,2707,192.09,225.07,0,0,1093.0,647,56,TYPE_A,4.5,Beverages,Italian
1439249,66,104,2707,191.12,224.07,0,0,273.86570932617957,647,56,TYPE_A,4.5,Beverages,Italian
1196403,67,104,2707,189.18,225.07,0,0,273.86570932617957,647,56,TYPE_A,4.5,Beverages,Italian
1436253,68,104,2707,190.12,192.12,0,0,273.86570932617957,647,56,TYPE_A,4.5,Beverages,Italian
1112472,69,104,2707,192.12,191.12,0,0,273.86570932617957,647,56,TYPE_A,4.5,Beverages,Italian
1036382,70,104,2707,193.09,193.09,0,0,742.0,647,56,TYPE_A,4.5,Beverages,Italian
1210927,71,104,2707,190.12,191.12,0,0,273.86570932617957,647,56,TYPE_A,4.5,Beverages,Italian
1138099,72,104,2707,187.24,192.12,1,0,273.86570932617957,647,56,TYPE_A,4.5,Beverages,Italian
1221981,73,104,2707,191.15,190.15,0,0,273.86570932617957,647,56,TYPE_A,4.5,Beverages,Italian
1282459,74,104,2707,189.15,190.15,1,0,273.86570932617957,647,56,TYPE_A,4.5,Beverages,Italian
1262488,75,104,2707,190.15,189.15,0,0,273.86570932617957,647,56,TYPE_A,4.5,Beverages,Italian
1309433,76,104,2707,190.15,190.15,0,0,273.86570932617957,647,56,TYPE_A,4.5,Beverages,Italian
1332174,77,104,2707,227.01,228.01,0,0,674.0,647,56,TYPE_A,4.5,Beverages,Italian
1338463,78,104,2707,225.04,226.04,0,0,919.0,647,56,TYPE_A,4.5,Beverages,Italian
1438493,79,104,2707,227.04,225.04,0,0,783.0,647,56,TYPE_A,4.5,Beverages,Italian
1377694,80,104,2707,227.01,226.01,0,0,1161.0,647,56,TYPE_A,4.5,Beverages,Italian
1452208,81,104,2707,228.98,228.98,0,0,865.0,647,56,TYPE_A,4.5,Beverages,Italian
1226563,82,104,2707,230.89,229.89,0,0,1147.0,647,56,TYPE_A,4.5,Beverages,Italian
1015217,83,104,2707,190.15,231.89,1,0,273.86570932617957,647,56,TYPE_A,4.5,Beverages,Italian
1040246,84,104,2707,225.04,226.04,0,0,273.86570932617957,647,56,TYPE_A,4.5,Beverages,Italian
1355025,85,104,2707,223.13,223.13,0,0,273.86570932617957,647,56,TYPE_A,4.5,Beverages,Italian
1432309,86,104,2707,190.15,223.13,0,0,273.86570932617957,647,56,TYPE_A,4.5,Beverages,Italian
1261312,87,104,2707,188.18,223.13,0,0,273.86570932617957,647,56,TYPE_A,4.5,Beverages,Italian
1184642,88,104,2707,191.15,223.13,0,0,273.86570932617957,647,56,TYPE_A,4.5,Beverages,Italian
1232153,89,104,2707,191.15,223.13,0,0,273.86570932617957,647,56,TYPE_A,4.5,Beverages,Italian
1178244,90,104,2707,228.95,228.95,0,0,851.0,647,56,TYPE_A,4.5,Beverages,Italian
1044164,91,104,2707,190.12,229.95,0,0,273.86570932617957,647,56,TYPE_A,4.5,Beverages,Italian
1294617,92,104,2707,193.09,227.95,0,0,273.86570932617957,647,56,TYPE_A,4.5,Beverages,Italian
1187606,93,104,2707,193.09,229.95,0,0,273.86570932617957,647,56,TYPE_A,4.5,Beverages,Italian
1321291,94,104,2707,192.12,227.95,1,0,273.86570932617957,647,56,TYPE_A,4.5,Beverages,Italian
1220937,95,104,2707,193.09,227.95,0,0,273.86570932617957,647,56,TYPE_A,4.5,Beverages,Italian
1444341,96,104,2707,193.09,227.95,0,0,273.86570932617957,647,56,TYPE_A,4.5,Beverages,Italian
1189531,97,104,2707,188.21,228.95,0,0,701.0,647,56,TYPE_A,4.5,Beverages,Italian
1437007,98,104,2707,191.12,191.12,0,0,1133.0,647,56,TYPE_A,4.5,Beverages,Italian
1193430,99,104,2707,194.06,194.06,0,0,273.86570932617957,647,56,TYPE_A,4.5,Beverages,Italian
1344618,100,104,2707,189.18,188.18,0,0,273.86570932617957,647,56,TYPE_A,4.5,Beverages,Italian
1318007,101,104,2707,189.15,189.15,0,0,1175.0,647,56,TYPE_A,4.5,Beverages,Italian
1080266,102,104,2707,187.24,187.24,0,0,852.0,647,56,TYPE_A,4.5,Beverages,Italian
1022684,103,104,2707,191.15,189.15,0,0,675.0,647,56,TYPE_A,4.5,Beverages,Italian
1397456,104,104,2707,192.09,193.09,0,0,1187.0,647,56,TYPE_A,4.5,Beverages,Italian
1171801,105,104,2707,189.15,191.15,0,0,273.86570932617957,647,56,TYPE_A,4.5,Beverages,Italian
1095479,106,104,2707,190.15,190.15,0,0,273.86570932617957,647,56,TYPE_A,4.5,Beverages,Italian
1279721,107,104,2707,191.09,193.09,0,0,1175.0,647,56,TYPE_A,4.5,Beverages,Italian
1125303,108,104,2707,190.18,189.18,0,0,932.0,647,56,TYPE_A,4.5,Beverages,Italian
1213947,109,104,2707,235.77,235.77,0,0,1026.0,647,56,TYPE_A,4.5,Beverages,Italian
1024123,110,104,2707,239.62,238.62,0,0,662.0,647,56,TYPE_A,4.5,Beverages,Italian
1489172,111,104,2707,233.8,232.8,0,0,621.0,647,56,TYPE_A,4.5,Beverages,Italian
1396105,112,104,2707,230.86,232.86,0,0,594.0,647,56,TYPE_A,4.5,Beverages,Italian
